// Jest Snapshot v1, https://goo.gl/fbAQLP

exports[`ProgressBar snapshot 1`] = `[Function]`;
