// Jest Snapshot v1, https://goo.gl/fbAQLP

exports[`Time snapshot 1`] = `
<DocumentFragment>
  <div
    class="container"
  >
    <p>
      0:20
    </p>
  </div>
</DocumentFragment>
`;
