// Jest Snapshot v1, https://goo.gl/fbAQLP

exports[`Volume snapshot 1`] = `
<DocumentFragment>
  <div
    class="container"
  >
    <input
      data-testid="volume"
      max="100"
      min="0"
      name="volume"
      type="range"
      value="50"
    />
    <img
      alt="volume"
      src="medium-volume.png"
    />
  </div>
</DocumentFragment>
`;
